// Jest Snapshot v1, https://goo.gl/fbAQLP

exports[`singleSlotProofStrategy should return extra propose calls 1`] = `
[
  {
    "calldata": [
      15,
      8050779,
      "0xb4fbf271143f4fbf",
      "0x7b91a5ded31805e4",
      "0x2b2208d6",
      8,
      "0x214",
      "0x214",
      "0x214",
      "0x214",
      "0x214",
      "0x194",
      "0x73",
      "0x72",
      8,
      "0x43",
      "0x43",
      "0x43",
      "0x43",
      "0x43",
      "0x33",
      "0xf",
      "0xf",
      416,
      "0xf90211a09f6919cd",
      "0x13ea3831fa755327",
      "0x0565ddd5b04c456f",
      "0x01e578e095ac7c7d",
      "0xcb559e98a01f2d72",
      "0x5fc97dc5eda7d83b",
      "0xb32bdb303285ee3f",
      "0x6756ca28f80c2a44",
      "0x75aa8a9751a0a59a",
      "0x13370f96bc3b6e51",
      "0x7f80fec6530b9723",
      "0x74b151442eda12d8",
      "0xae7877ed1ae2a042",
      "0x4180872b10234ed8",
      "0x00fd36bb4eda2b6b",
      "0x2459b53c5239e649",
      "0x36625fdde7878ea0",
      "0xafcbe459ffd997dd",
      "0x9205005767992263",
      "0x526f9dfb3f61a638",
      "0x93f9e577702c9095",
      "0xa0a61aae79e0f02c",
      "0xf0f2353305cc42c5",
      "0xe0a85df492343241",
      "0x5f86969c0abfdd04",
      "0x89a08a3e040f1b7a",
      "0xa8b08dc3c5a8d4b3",
      "0xbc45f9851a4cf963",
      "0xb177cd9d8b53d092",
      "0xe930a07a1e4ab2f7",
      "0xa443ba3a44da8cb4",
      "0x14c36e1230f985fe",
      "0xd0bab863ee7bf767",
      "0xc0b37ba0c91360a6",
      "0xdc181835b62d5f23",
      "0x0a4c284539711a0d",
      "0x238055eda860b77e",
      "0x97d888e4a0b788df",
      "0xb5732cb79c0b2814",
      "0x07d5a4313dbb3f87",
      "0xcbe7f832afe0ad18",
      "0xf3fff30e54a0e25d",
      "0xb6af2726f93338a1",
      "0x49d7501617542328",
      "0xeb7b81fde5b2d9cc",
      "0x21db82c48076a041",
      "0xa0332578f9c10d87",
      "0xa5be9cfdc1654bdf",
      "0xc4ff9fa5786e125d",
      "0x3163f6a761e11ea0",
      "0x97cd5611f99ace81",
      "0xcf41b8f1f3e22e6b",
      "0x36ab9f34d40fcfa6",
      "0x7be72d8ddfafe930",
      "0xa0825eefa8780723",
      "0x98f91d09b0703c3a",
      "0x321ef0f89bf0c574",
      "0x09c9115a657cc314",
      "0x0ba0a385262531c6",
      "0x33adb25830c8f54e",
      "0xee0d7ba4fd1e0066",
      "0xd3a999357cdb4c1a",
      "0x0f52a0e0eddfa2a0",
      "0xf8e8fe60606ed416",
      "0xfec8258ef09e5ffc",
      "0x9c0512869e4dd5e7",
      "0x71d98e80",
      "0xf90211a00b5bbdb3",
      "0x027a9c677283e20b",
      "0x56edbaf12e58d9d4",
      "0x06e5f4e5be58799d",
      "0x4ae9aacca00e515b",
      "0x7c6337ca3e2ae57e",
      "0x9fe2b2193d831b10",
      "0x98c390cb8b3718f2",
      "0x15251c3b85a03113",
      "0xa3ce4d3aa46081c1",
      "0x404f565fb70d796b",
      "0xb5049c624ebecda0",
      "0xe97a1dd0410ba007",
      "0x19e6f71ed408a262",
      "0xe2574946fc59c31b",
      "0x5dd272b6adf354de",
      "0xec901bec57bad7a0",
      "0xe48aef8af8c42960",
      "0xb2631099d9410402",
      "0xf6128d83b8f4bc06",
      "0x6b24b6dbc0142179",
      "0xa05cae2b89d27cb5",
      "0x56d222c4efc3abbc",
      "0xeb22d51e9cb2ba1c",
      "0x202a197e0e1f330e",
      "0x9ea01efeebfaef4b",
      "0x4354046831eef429",
      "0xb2046feb67752128",
      "0x56d90b33e0650520",
      "0x761aa0956ecda708",
      "0x9847a07cc713bf73",
      "0x0941538c6858ed79",
      "0xdf5d730996297a66",
      "0x99bca8a0e4402764",
      "0xb0d0080ec23ef08e",
      "0x7062c584d910da18",
      "0xe3702553f0aee96e",
      "0x70324535a0d74e11",
      "0xf7129d68a3510d27",
      "0x371d90ef206065eb",
      "0xfba538c591b264f2",
      "0x8c6220a206a0d183",
      "0xd01720d2856f2530",
      "0x400779a8943bf46b",
      "0x7180f5a35ca5e9a6",
      "0xb962e7676de0a043",
      "0x7b02ff0b83fb5f05",
      "0x33051f5a02fdfaea",
      "0x904ed9d969c293e3",
      "0xd7fcd9d4d974a4a0",
      "0x11cd87cf6baf78f6",
      "0xb59ba8c0e2aa18fe",
      "0x6f8df7e6f103a257",
      "0x6bbee169d173e3e5",
      "0xa006d04ad66d6ac0",
      "0xcd5b1107575e29f3",
      "0xd2745762dbeda0f3",
      "0x5842f3237421fc22",
      "0x5fa0ab4083e3a845",
      "0xb010e46b02ed7e6e",
      "0x3bbcf3eff9ceeebf",
      "0xba825ad93e2dc2b7",
      "0x2c97a0695fe600b7",
      "0x7cf00a27fb9d9f43",
      "0x53aee38c8d42db8f",
      "0x5dd2aafbf49f3eb7",
      "0x0269f280",
      "0xf90211a0bedc33dd",
      "0xb764e2963dcd3f34",
      "0xc107a4e0950a0b21",
      "0x390d4a093386bcde",
      "0x2b313143a0328fbd",
      "0xdd4122396882d21d",
      "0xd932a206eefad8d7",
      "0x17a2ea9da0a577a7",
      "0xb37ad34d9da0387a",
      "0x072a683be04a15b3",
      "0xdde44082cd1ade2e",
      "0xad5221b3a1b5db68",
      "0x9f38744468e9a04a",
      "0x5a0765df30f6fd1e",
      "0xa0c8876c6a29b931",
      "0x413631587a00a0e7",
      "0xcf59e9f0aded71a0",
      "0x37e96cf67421b5f2",
      "0xeacbb1d9f7e8c6cf",
      "0x7e2805d307873a4a",
      "0x4e1c24f32d14d0fa",
      "0xa09c754085a9dd2d",
      "0xfe52807aa403f8bf",
      "0x1d3776448b9b0922",
      "0x52bd0ee2b6b58fea",
      "0xeea02bc3578fb84d",
      "0x588c090644b68820",
      "0xe6f485eb6374db2f",
      "0xe9a26e4b6693752a",
      "0x7ffba097ca830859",
      "0xd9ab7cd8f26658c4",
      "0xfd133b415f9e0951",
      "0x41bbbe0f25770fdc",
      "0x1a4a01a0376aea1f",
      "0x84178b4039030aec",
      "0x2783440df83f51d7",
      "0x01a1fbb2810ac0fc",
      "0xa10c1437a0530f7a",
      "0xbc74129b67ec6815",
      "0xfc9d4aec00a75d3a",
      "0xe73ab50b02dba7b7",
      "0x78980f08aca02af2",
      "0x9d98fbacd812f006",
      "0x6183c55e9af4d186",
      "0xfb0747278c1b523e",
      "0xd140ae5acaa1a0c3",
      "0x4175999ba35a4609",
      "0x023cc3b23f04533e",
      "0xdf52aea76d774ab4",
      "0x5ff724b243d8b4a0",
      "0xf1169b37a2076b29",
      "0xbb01ff1d5afdc3cd",
      "0x0c1db8846183781c",
      "0xb1fe9718a73f79bb",
      "0xa0ae0caf5f989e22",
      "0xdb70e21daa6c4900",
      "0xc227c65a2ecebc4b",
      "0xd1f39698780baef3",
      "0x58a09676f929ed30",
      "0x24eb1167a5e9d2d0",
      "0x2318985d0c9ad81e",
      "0x9525bb07e90dac62",
      "0x0dbea0e0821f6b0d",
      "0x74cf1bd6ff350d1c",
      "0x614bde9290a88bb8",
      "0x815212e4dcdaef17",
      "0x27ff3a80",
      "0xf90211a0f0343a6e",
      "0x5e26a396366ea8af",
      "0xa6349f3be6387c3d",
      "0xc80aa13f3211abc6",
      "0x1697e41ca0af114e",
      "0x8a14363c2fa137f4",
      "0x56fb475c8558c6e6",
      "0x6a32b64c68381526",
      "0x60757519ada04992",
      "0x4fbb13ae7eb66a11",
      "0xe8099909eea83d96",
      "0xaaee9dfc90d82767",
      "0x7c11dd279014a047",
      "0xfc79352e86cbcb6a",
      "0x626366c35c8b8225",
      "0x349a3fef89c283e3",
      "0x2fd308d003c7b9a0",
      "0x10814e263851ea8f",
      "0xdae17feda62fdc7e",
      "0x6c5df132e082873a",
      "0x800843b9a5699b29",
      "0xa02ddf04995a022f",
      "0xcc079e5eb0776b08",
      "0x9dcb7b5c0e1f0728",
      "0x5e93dc2f054de002",
      "0xe3a084d71b15a312",
      "0x2e7e622056f0ea8c",
      "0xa4cbb397cb9aca2f",
      "0x1cb92e93faef592f",
      "0xf196a035aa4b7af3",
      "0x05c640ad79219fb1",
      "0x36874cfa03844b4e",
      "0x22f1e4cb17e76014",
      "0xc5ce59a0efb0d014",
      "0xcf88aad9cbd02dc4",
      "0xab119095fa24f0fd",
      "0x939e3960ecab713e",
      "0xf856f188a052cbaa",
      "0x4ab22619b2270e3e",
      "0x0cefb9570abe50d3",
      "0xc52c79aaa278acf3",
      "0xbc368fb90da0037e",
      "0x5e8dc3321eb772f1",
      "0xafb0bb1884e932fd",
      "0xe5820fc8f91f0af1",
      "0x6db8e359ba1ea028",
      "0x4b9948075bd46897",
      "0x723bbf8c7bd0f69a",
      "0x651eca001e633b72",
      "0xd6119b8f9fd9dea0",
      "0x5a62c42e71f712dd",
      "0xd12e76b26b2b4e86",
      "0x55a6c7e1b38755a2",
      "0x179d973bef140d2f",
      "0xa00f1984a20ff1ce",
      "0xfadc269107cc6748",
      "0xd23f467f2cf94260",
      "0xea889eba75ddc0ae",
      "0xbea0929ef975d7c4",
      "0x29f00f537d96c90a",
      "0xe10094bc56cc07c9",
      "0xd96225d748240f80",
      "0x1684a0702f20ce9a",
      "0xa3ac9f6d8d2521da",
      "0xa599d19e4612e87c",
      "0xa5a1c03387e6f14c",
      "0x323b4480",
      "0xf90211a027059312",
      "0x1f24af3d4bc3b11c",
      "0x19806a17e0d63eff",
      "0x66b1f0c4cce84938",
      "0xbeed45cca0cb5312",
      "0xf2e71db2c7d00355",
      "0x507d56cccda952c7",
      "0xbe4124a88eaa632c",
      "0x863f3a1c10a03f32",
      "0x6e6672e2ad61a760",
      "0x0cf1562b8bd8310d",
      "0xb80d82481602e850",
      "0xdd7b47f6b5f2a04b",
      "0x1647284655aea3ca",
      "0x30d5735520fb9b97",
      "0x4e0d02dd37d3e132",
      "0x258476a1d7ac12a0",
      "0xd2798640e4354aee",
      "0x7ec677fe9a23318a",
      "0x67e8f60c1a57e867",
      "0x25f4bb122db412c1",
      "0xa080139dfe7adc28",
      "0x8536e51a4a92f674",
      "0x7ca40732a17a11fa",
      "0xef2d33d1e5c4d42c",
      "0x59a09e10ae416362",
      "0xfd3733068f0afe5d",
      "0x37a151264256daa3",
      "0x7315fc72d92de74e",
      "0xaef5a09608e70f5e",
      "0xe8650bc63c6c0ace",
      "0xd0385443021d8fdb",
      "0x01fbdcaa584833c2",
      "0x78d1dea093abfd8d",
      "0x688b9947c68d54c5",
      "0xa7d407f9c8eb0779",
      "0x999383f7ed4b1d63",
      "0xb47cdd66a04f54a9",
      "0xe1247b5b8aa5b935",
      "0x36f672ba1dc652cd",
      "0xfe9edbb53ec6cf69",
      "0x08c4942230a09ffc",
      "0x75b9523a92219795",
      "0x94a0043b5dad6373",
      "0xcbbc43ee89375774",
      "0x5e4095fe1dbfa0a0",
      "0x6c623835a0b8c3cb",
      "0x585013c8d5cdf90a",
      "0xcc813c7d61e63509",
      "0xa83ebb9c45e968a0",
      "0x649f22f8ce5ceebe",
      "0xc020d2392a87c72c",
      "0x6f2bff456f6ebb2e",
      "0x697e629beea99443",
      "0xa00b6784b0212295",
      "0x8a34502265efecb8",
      "0x8222259a2dd21c07",
      "0xec4eb9a07f601974",
      "0x6da067d46cd4b8b0",
      "0x3f59199b8abfa232",
      "0x27e89a26db379e58",
      "0x28d4db69db7fa669",
      "0x71caa05512ca74d1",
      "0x6007664882669fc9",
      "0x75b3a62b86af775c",
      "0x643a723b634831ee",
      "0x7b400d80",
      "0xf90191a02fcb5ab3",
      "0xfdea4aecd8121a49",
      "0xfe16f13dab9cc242",
      "0x04779d29a292dbc0",
      "0xb2c75228a0d4448a",
      "0x82f6c9128162ae15",
      "0x08d1d373c4fde725",
      "0x2859f247d2bccc0d",
      "0xdaff99fe8da0322b",
      "0xe735938a0d7e5c6f",
      "0x70246dc6f5a9231a",
      "0xc252461e8788c97f",
      "0x80b311fc59a0a0a9",
      "0x62cfd5907ba1008c",
      "0x163de7e0971faa40",
      "0xa1bdf1030a7aa12a",
      "0xe43256ba2c91b2a0",
      "0x53ac8d8823a1abdd",
      "0xb1bc30d2330b11ed",
      "0x4e82d7f597cd9215",
      "0xf930a7ead762b04d",
      "0x80a06394b6bb2132",
      "0x2ed4b86b1ea7780e",
      "0xf7f31e5b787be8f7",
      "0x41bd141f647e9084",
      "0x98508080a02660cd",
      "0xa203b7dc14bcde9f",
      "0x7c6288def182b22c",
      "0xf9b71c403728006b",
      "0x5fb80a239fa08586",
      "0xada2ef82ba5393d9",
      "0xbc874f4975296380",
      "0x59b62af37f5f2153",
      "0xeaa9980aaf6580a0",
      "0x6f335f8cf3c1bc9c",
      "0x3fae16fefa39aa8b",
      "0xaeb1bc537a81a674",
      "0x2e906f4bbb095889",
      "0xa0bbd2b83030d4d4",
      "0xe6a8f8bf17b44252",
      "0x12abde375f20e1f5",
      "0x4c7b36bd167f928b",
      "0x81a0f65fad8c91c1",
      "0x1e62922625a9e06c",
      "0xe6afc7bb6c9110c4",
      "0x008fe46d88dcc1cf",
      "0x5bdfa0ee12a7f0c7",
      "0x475f630985375019",
      "0xaa5810a345080752",
      "0x392a7c62a21368b5",
      "0xfea48180",
      "0xf8718080a06cd850",
      "0x84ad4edcf4521a5a",
      "0x6ac39953f875f0e4",
      "0xb5ec41bf0af104d1",
      "0xb55ecc994c808080",
      "0x80808080808080a0",
      "0x73efa52d7dfd328d",
      "0x48a3baccb5b5a48f",
      "0x18aff8e9e4a37f9a",
      "0x897277a3ef898302",
      "0x80a09cc57cf0a3a1",
      "0xa24bc62c9f11325f",
      "0x79f8b04bdd63c026",
      "0x3e945a50ed217f50",
      "0xb49380",
      "0xf8709d394dda2d59",
      "0x79f269acd2630dff",
      "0x3880bca6301564c8",
      "0x0e5af071862b4e26",
      "0xb850f84e018a4c17",
      "0xfa8a87d178fcf572",
      "0xa0ecf7c3d9b24672",
      "0x7ea1207b965c6d26",
      "0xf450a5221ae2f847",
      "0x4210edbb7043add6",
      "0x1aa08b3eb75e29f2",
      "0xa9514d1a29784d34",
      "0xf29fd79929d88623",
      "0x45b0c70e467d576b",
      "0x805d",
    ],
    "contractAddress": "0x2e39818908f0da118fde6b88b52e4dbdf13d2e171e488507f40deb6811bde3f",
    "entrypoint": "prove_account",
  },
]
`;

exports[`singleSlotProofStrategy should return params for propose 1`] = `
[
  "0x6e6fe0699d595d9c",
  "0x03246eb8617716b8",
  "0x275c0ee0ca61305b",
  "0x479fabdcd8ba8007",
  "0x5",
  "0x214",
  "0x214",
  "0x214",
  "0x214",
  "0x93",
  "0x43",
  "0x43",
  "0x43",
  "0x43",
  "0x13",
  "0xf90211a03a477d8a",
  "0x34fba246e61baab1",
  "0x62e1bc331908965b",
  "0x479c734aac20fb06",
  "0x3654fc3ba0dd786f",
  "0x66a49774e1f0ca55",
  "0xc43b1476da26b860",
  "0xc86f54ef28b8aee3",
  "0x678bd0e08ca023e7",
  "0xfc880ca1bf740a60",
  "0x1f68e053cad74cc3",
  "0x98a337ece4e32bfa",
  "0x93eebccf254aa03a",
  "0xe0d098e601a17601",
  "0xcb2bca97b32cbaef",
  "0xdf0f7fe23e936e5b",
  "0xcdcfb1dbd3af71a0",
  "0x1cb3548e656f2c6c",
  "0x99f46577004e5e8d",
  "0xbbd464fb9af35496",
  "0xb190d2e5b563734c",
  "0xa0c2f7fc2d09aa9c",
  "0xd17e820a4553d377",
  "0xc6b325dafcf8e33a",
  "0x319488ec904b6a36",
  "0x09a060c0812f7dd2",
  "0xac5557c8518508e2",
  "0xeb456f8a10e51527",
  "0xa25159a811769ac1",
  "0x641da0af195a7aea",
  "0xe59da2583b6cd197",
  "0xfccefd86624e6c66",
  "0xfd675d0bfd1de080",
  "0x603191a0f327f38f",
  "0x96493e108d7ba401",
  "0x7f94b102be8fad3d",
  "0xff81361d206f1ecb",
  "0x2d4c7f3da0badff9",
  "0xd9419a2d3008110a",
  "0xa4ca01388a63f97f",
  "0xd6cb240af9f1ed04",
  "0xe53ee052a9a0bd72",
  "0x6234a6df8e62cc6e",
  "0x7b89a9535d5a5ee3",
  "0xb67f7af21cb13584",
  "0xc9ae74fd6820a04d",
  "0xfda7d7ec88e20ab9",
  "0xc5770ff0abb6d4ab",
  "0xdc724399769c2c90",
  "0xba382653e6ad12a0",
  "0x1cb9fd1b7bda95a5",
  "0x971815a384eb6e68",
  "0x2f4a3d46f0be9201",
  "0xbaba5979d8b3e3c4",
  "0xa058a2e1276355ca",
  "0xcc97bad1c5e94420",
  "0x737d933ec5121dbe",
  "0x33ce3a744b7042dd",
  "0x92a0d0dcd9e00008",
  "0x854ebee3e2c84f62",
  "0xa7a11250c970ce4e",
  "0xd3054bc61a7376d9",
  "0x2b26a0662cea0d4d",
  "0xccd04e8c91b6ae4a",
  "0xf83b97a7cbb28e85",
  "0x3615212420295bc4",
  "0x81362980",
  "0xf90211a0c832cd48",
  "0x6f1ea7e63e7e4e57",
  "0xcdc3f4aff57c1e62",
  "0x4110253de26c10f8",
  "0xb978d88fa0b4b3ad",
  "0xa76c13dad65311ad",
  "0xade0c40c8e72566d",
  "0x7b113468c48932db",
  "0x3b31af8c7ba03f80",
  "0xb114d8635034a7c4",
  "0x4689051d420b7502",
  "0x369a389110a875aa",
  "0x41fbddb7d8f4a0fb",
  "0xd85e161abb6fcf8f",
  "0xbe629273b3b37a6c",
  "0xeb8fd168e106a2ee",
  "0x38c490928e234fa0",
  "0x8cc460d4fa801d8a",
  "0x778b808c8d3b15f4",
  "0x190c194ab01dd2ee",
  "0x2d254e1d6aa9e63e",
  "0xa00488c8596fb60c",
  "0xbc79d2904d968393",
  "0x816b04ada661d015",
  "0x07aa165beb341fb6",
  "0x8fa09e4a33b04cf3",
  "0x29b746d19613678f",
  "0xe3a0f3075450611c",
  "0x47dab52f1640d27b",
  "0x6703a06b26823285",
  "0xdac1225a43a4565e",
  "0x1fcbb040f9e9e22f",
  "0x934920f9bc13bc89",
  "0x2a9fada067b33913",
  "0xcad1e02c0b64a93f",
  "0x2611523bb3fc3940",
  "0x2299cb224bffb5b8",
  "0x72166c7ca06ad07a",
  "0x5b875bf1969314fc",
  "0x33cc464bdfb3b6af",
  "0x7bee182110334d4c",
  "0x20caf13151a03ca3",
  "0xca24ba032cb4d161",
  "0x7acf91d927ba17e5",
  "0xf1aa08ba17519c42",
  "0x546b6e022b84a063",
  "0x2bf80e95f1e63ffd",
  "0xda5ff215134327cf",
  "0x03db4eec15046218",
  "0x76d306c61cd762a0",
  "0x9694c22c393a6165",
  "0x71c81679163abb1b",
  "0x4d7fca7ec569eee1",
  "0xa352d0b6eba3c3be",
  "0xa02a0be021b33f85",
  "0xab8fe038ea6a9248",
  "0x6d7ed54626d2169c",
  "0x1bf1f4a1e6e7c563",
  "0xa8a0f59d1da3118e",
  "0x16b387c6c4724d2d",
  "0xfe7c6ac45960899c",
  "0xac54fee27f5a743d",
  "0xf65ba0fd30b789c4",
  "0x00ed879ebb2a2f51",
  "0xef71e682899e3b8a",
  "0x5c96423a24cfc864",
  "0x4baee880",
  "0xf90211a02041aa63",
  "0xadcde308c172f1fd",
  "0x741da69996cf759f",
  "0x0b7a85460085861d",
  "0x5fbed517a0574d51",
  "0xd1f31f416b451b26",
  "0xb3e571b568706c8f",
  "0x5c334884ea6c2037",
  "0xb2bfec0f8da066a9",
  "0x6bcc7692d7751291",
  "0x0890bf5896c27429",
  "0x9b8c6a4b77154572",
  "0xdee10456f5c7a04c",
  "0x00fe5168a4adb134",
  "0xb5fcc2e968580d11",
  "0x1d1bf92e4794ddb1",
  "0x69cce388104134a0",
  "0xcc00b8c5f06e2787",
  "0x7afeac11c4d38a9b",
  "0xf8662bffa682d583",
  "0xe134b2620d1cc95b",
  "0xa0d2e2ac6e4f6ef9",
  "0x87ada59b829c2afb",
  "0x7cac93d5bc56717e",
  "0x8c147ae47262d42d",
  "0xcba0c57242398799",
  "0xce9789dd9781f2c0",
  "0xaf5eb4ad523e0f1e",
  "0x07181bedc2a925fb",
  "0x48fda0095489099d",
  "0xdac411852d4f0f20",
  "0x18fd57760791349a",
  "0x1cfb7d8bb3dbad2b",
  "0x1c4f86a0b270a023",
  "0x080ff9bbacbefa68",
  "0xe10c5d334035fcf3",
  "0x31f0b239ff1113cb",
  "0xcc260a24a0c61732",
  "0x2f3b44916ec02570",
  "0xa2974195be8217aa",
  "0x4fc4fc46798f7d7a",
  "0xcbeb02e3eea08522",
  "0x175e3931cbb382ff",
  "0x94dc254c2d83eade",
  "0x3311534098044dff",
  "0xc5f189bd60b5a09c",
  "0xb5c61324a48dfd36",
  "0x6adc77fcea56b7cb",
  "0xc1f527e7a34fb71b",
  "0xc62c415aa2bb8da0",
  "0xe71b4e1fdcab83fd",
  "0x27f53cd52f055cd0",
  "0xda3ef50a19b725ed",
  "0xfb0cf570f134d72e",
  "0xa0654f88766e4a66",
  "0x3da077903a7abe7c",
  "0xc6781c5a96a59106",
  "0xa51cc6eae3327ca3",
  "0x43a0af5326e479cb",
  "0x755e79d60c6a06ab",
  "0x911b3fd1d950b1e4",
  "0xc75316510fddb11e",
  "0x5454a0782273b8c1",
  "0xf088e19e1ba91236",
  "0x1c021b41d5198542",
  "0xcf6ea618df05ebac",
  "0xb3ea3d80",
  "0xf90211a08cc97eac",
  "0xaa45ddc8b933a266",
  "0x19e8c03fc7a84f01",
  "0xda50912cef3c5c95",
  "0x6133d3e5a0e7b502",
  "0xdfaa8599c97fe747",
  "0xaad38acc106e3e8b",
  "0x9090bd98dd27c0d9",
  "0x088e96b42ba0f380",
  "0xe3c3d10bb74af9d2",
  "0x13d43366ce094510",
  "0x0f1f375dd73f254f",
  "0x28925492986ba0a5",
  "0x91d0fbc8275915f3",
  "0x69154a4a6f25143f",
  "0xa43dad3aa6771a51",
  "0xd0f02f084be743a0",
  "0xdd0ca51a70bc3928",
  "0x024987f1d7611387",
  "0x628064ce3cf8e29a",
  "0x1a0bdf5ee0be95f0",
  "0xa0eb10da9ceb80fd",
  "0x6eb51c8d34a60858",
  "0xdcd0b2d72310e4c2",
  "0xf60daa8c192b9e8b",
  "0xb2a0b8b2b1885db3",
  "0xabf2cd326fc3da3d",
  "0x43af896a1540248b",
  "0xcedcbcaae6e02335",
  "0x78d3a04a8ec7a0a4",
  "0x29afe280d222c251",
  "0xb7e4a85c393eab00",
  "0x3c260a96612b0225",
  "0x98ea86a0c2ca7576",
  "0xeffbd551456a3e9f",
  "0x5d15e68c99fae6e8",
  "0xc5674a74fe9a43dd",
  "0x58a9ab35a05215fc",
  "0x6037dc3a7e51fdb0",
  "0xe099bbae0b6e3687",
  "0x8be6dc9460be57be",
  "0x27766f3d81a00ea2",
  "0x610dba9a0c873da7",
  "0x44d3f4976982c094",
  "0x8a5e132bc83ad878",
  "0xb9307a3acb65a087",
  "0x404c12a7d49eb4b0",
  "0x274c5eaa76c737d3",
  "0x4e9dc09be264abc0",
  "0x711844b25902ffa0",
  "0xb6382ccc6d2eaeb3",
  "0x54804855a0a0aafc",
  "0xaa7748eba8b351f3",
  "0xa38bfbebb195ffbb",
  "0xa0fa403604a2d2e3",
  "0x30c3c81635453cfc",
  "0x6a06bca4e79a9edf",
  "0xd5f21bc15a4963fa",
  "0x84a0e5a9b9460222",
  "0x9c6a9cf0f3cd0f50",
  "0xd849c3ecbc4b243d",
  "0xf017bfb7d77a309e",
  "0xaa16a03e61074396",
  "0xfaa67b87beb53722",
  "0xbcef7b8798cfd3fc",
  "0x239bdfbdbfa13c78",
  "0x4c989a80",
  "0xf89180a01091ebac",
  "0x9ce205db43b48407",
  "0x7dfd0cc0805be5b5",
  "0x8cf7ad4ed38b91ce",
  "0x91703afaa0e062da",
  "0xcfec9c0108004600",
  "0x9bce115f0271b297",
  "0xda57e571a72a5e1f",
  "0x1722491ccb80a027",
  "0x11629efa55e9bbf9",
  "0x86f4ac8a1b304514",
  "0x1fd2ad1950a651ca",
  "0xf8b1e97cc0d25980",
  "0x8080808080808080",
  "0xa07baf98c36dd4ac",
  "0x588fe840814928f9",
  "0x1dac696acc6b1e80",
  "0x694ee6424bceb1c4",
  "0xd68080",
]
`;

exports[`singleSlotProofStrategy should return params for vote 1`] = `
[
  "0x6e6fe0699d595d9c",
  "0x03246eb8617716b8",
  "0x275c0ee0ca61305b",
  "0x479fabdcd8ba8007",
  "0x5",
  "0x214",
  "0x214",
  "0x214",
  "0x214",
  "0x93",
  "0x43",
  "0x43",
  "0x43",
  "0x43",
  "0x13",
  "0xf90211a03a477d8a",
  "0x34fba246e61baab1",
  "0x62e1bc331908965b",
  "0x479c734aac20fb06",
  "0x3654fc3ba0dd786f",
  "0x66a49774e1f0ca55",
  "0xc43b1476da26b860",
  "0xc86f54ef28b8aee3",
  "0x678bd0e08ca023e7",
  "0xfc880ca1bf740a60",
  "0x1f68e053cad74cc3",
  "0x98a337ece4e32bfa",
  "0x93eebccf254aa03a",
  "0xe0d098e601a17601",
  "0xcb2bca97b32cbaef",
  "0xdf0f7fe23e936e5b",
  "0xcdcfb1dbd3af71a0",
  "0x1cb3548e656f2c6c",
  "0x99f46577004e5e8d",
  "0xbbd464fb9af35496",
  "0xb190d2e5b563734c",
  "0xa0c2f7fc2d09aa9c",
  "0xd17e820a4553d377",
  "0xc6b325dafcf8e33a",
  "0x319488ec904b6a36",
  "0x09a060c0812f7dd2",
  "0xac5557c8518508e2",
  "0xeb456f8a10e51527",
  "0xa25159a811769ac1",
  "0x641da0af195a7aea",
  "0xe59da2583b6cd197",
  "0xfccefd86624e6c66",
  "0xfd675d0bfd1de080",
  "0x603191a0f327f38f",
  "0x96493e108d7ba401",
  "0x7f94b102be8fad3d",
  "0xff81361d206f1ecb",
  "0x2d4c7f3da0badff9",
  "0xd9419a2d3008110a",
  "0xa4ca01388a63f97f",
  "0xd6cb240af9f1ed04",
  "0xe53ee052a9a0bd72",
  "0x6234a6df8e62cc6e",
  "0x7b89a9535d5a5ee3",
  "0xb67f7af21cb13584",
  "0xc9ae74fd6820a04d",
  "0xfda7d7ec88e20ab9",
  "0xc5770ff0abb6d4ab",
  "0xdc724399769c2c90",
  "0xba382653e6ad12a0",
  "0x1cb9fd1b7bda95a5",
  "0x971815a384eb6e68",
  "0x2f4a3d46f0be9201",
  "0xbaba5979d8b3e3c4",
  "0xa058a2e1276355ca",
  "0xcc97bad1c5e94420",
  "0x737d933ec5121dbe",
  "0x33ce3a744b7042dd",
  "0x92a0d0dcd9e00008",
  "0x854ebee3e2c84f62",
  "0xa7a11250c970ce4e",
  "0xd3054bc61a7376d9",
  "0x2b26a0662cea0d4d",
  "0xccd04e8c91b6ae4a",
  "0xf83b97a7cbb28e85",
  "0x3615212420295bc4",
  "0x81362980",
  "0xf90211a0c832cd48",
  "0x6f1ea7e63e7e4e57",
  "0xcdc3f4aff57c1e62",
  "0x4110253de26c10f8",
  "0xb978d88fa0b4b3ad",
  "0xa76c13dad65311ad",
  "0xade0c40c8e72566d",
  "0x7b113468c48932db",
  "0x3b31af8c7ba03f80",
  "0xb114d8635034a7c4",
  "0x4689051d420b7502",
  "0x369a389110a875aa",
  "0x41fbddb7d8f4a0fb",
  "0xd85e161abb6fcf8f",
  "0xbe629273b3b37a6c",
  "0xeb8fd168e106a2ee",
  "0x38c490928e234fa0",
  "0x8cc460d4fa801d8a",
  "0x778b808c8d3b15f4",
  "0x190c194ab01dd2ee",
  "0x2d254e1d6aa9e63e",
  "0xa00488c8596fb60c",
  "0xbc79d2904d968393",
  "0x816b04ada661d015",
  "0x07aa165beb341fb6",
  "0x8fa09e4a33b04cf3",
  "0x29b746d19613678f",
  "0xe3a0f3075450611c",
  "0x47dab52f1640d27b",
  "0x6703a06b26823285",
  "0xdac1225a43a4565e",
  "0x1fcbb040f9e9e22f",
  "0x934920f9bc13bc89",
  "0x2a9fada067b33913",
  "0xcad1e02c0b64a93f",
  "0x2611523bb3fc3940",
  "0x2299cb224bffb5b8",
  "0x72166c7ca06ad07a",
  "0x5b875bf1969314fc",
  "0x33cc464bdfb3b6af",
  "0x7bee182110334d4c",
  "0x20caf13151a03ca3",
  "0xca24ba032cb4d161",
  "0x7acf91d927ba17e5",
  "0xf1aa08ba17519c42",
  "0x546b6e022b84a063",
  "0x2bf80e95f1e63ffd",
  "0xda5ff215134327cf",
  "0x03db4eec15046218",
  "0x76d306c61cd762a0",
  "0x9694c22c393a6165",
  "0x71c81679163abb1b",
  "0x4d7fca7ec569eee1",
  "0xa352d0b6eba3c3be",
  "0xa02a0be021b33f85",
  "0xab8fe038ea6a9248",
  "0x6d7ed54626d2169c",
  "0x1bf1f4a1e6e7c563",
  "0xa8a0f59d1da3118e",
  "0x16b387c6c4724d2d",
  "0xfe7c6ac45960899c",
  "0xac54fee27f5a743d",
  "0xf65ba0fd30b789c4",
  "0x00ed879ebb2a2f51",
  "0xef71e682899e3b8a",
  "0x5c96423a24cfc864",
  "0x4baee880",
  "0xf90211a02041aa63",
  "0xadcde308c172f1fd",
  "0x741da69996cf759f",
  "0x0b7a85460085861d",
  "0x5fbed517a0574d51",
  "0xd1f31f416b451b26",
  "0xb3e571b568706c8f",
  "0x5c334884ea6c2037",
  "0xb2bfec0f8da066a9",
  "0x6bcc7692d7751291",
  "0x0890bf5896c27429",
  "0x9b8c6a4b77154572",
  "0xdee10456f5c7a04c",
  "0x00fe5168a4adb134",
  "0xb5fcc2e968580d11",
  "0x1d1bf92e4794ddb1",
  "0x69cce388104134a0",
  "0xcc00b8c5f06e2787",
  "0x7afeac11c4d38a9b",
  "0xf8662bffa682d583",
  "0xe134b2620d1cc95b",
  "0xa0d2e2ac6e4f6ef9",
  "0x87ada59b829c2afb",
  "0x7cac93d5bc56717e",
  "0x8c147ae47262d42d",
  "0xcba0c57242398799",
  "0xce9789dd9781f2c0",
  "0xaf5eb4ad523e0f1e",
  "0x07181bedc2a925fb",
  "0x48fda0095489099d",
  "0xdac411852d4f0f20",
  "0x18fd57760791349a",
  "0x1cfb7d8bb3dbad2b",
  "0x1c4f86a0b270a023",
  "0x080ff9bbacbefa68",
  "0xe10c5d334035fcf3",
  "0x31f0b239ff1113cb",
  "0xcc260a24a0c61732",
  "0x2f3b44916ec02570",
  "0xa2974195be8217aa",
  "0x4fc4fc46798f7d7a",
  "0xcbeb02e3eea08522",
  "0x175e3931cbb382ff",
  "0x94dc254c2d83eade",
  "0x3311534098044dff",
  "0xc5f189bd60b5a09c",
  "0xb5c61324a48dfd36",
  "0x6adc77fcea56b7cb",
  "0xc1f527e7a34fb71b",
  "0xc62c415aa2bb8da0",
  "0xe71b4e1fdcab83fd",
  "0x27f53cd52f055cd0",
  "0xda3ef50a19b725ed",
  "0xfb0cf570f134d72e",
  "0xa0654f88766e4a66",
  "0x3da077903a7abe7c",
  "0xc6781c5a96a59106",
  "0xa51cc6eae3327ca3",
  "0x43a0af5326e479cb",
  "0x755e79d60c6a06ab",
  "0x911b3fd1d950b1e4",
  "0xc75316510fddb11e",
  "0x5454a0782273b8c1",
  "0xf088e19e1ba91236",
  "0x1c021b41d5198542",
  "0xcf6ea618df05ebac",
  "0xb3ea3d80",
  "0xf90211a08cc97eac",
  "0xaa45ddc8b933a266",
  "0x19e8c03fc7a84f01",
  "0xda50912cef3c5c95",
  "0x6133d3e5a0e7b502",
  "0xdfaa8599c97fe747",
  "0xaad38acc106e3e8b",
  "0x9090bd98dd27c0d9",
  "0x088e96b42ba0f380",
  "0xe3c3d10bb74af9d2",
  "0x13d43366ce094510",
  "0x0f1f375dd73f254f",
  "0x28925492986ba0a5",
  "0x91d0fbc8275915f3",
  "0x69154a4a6f25143f",
  "0xa43dad3aa6771a51",
  "0xd0f02f084be743a0",
  "0xdd0ca51a70bc3928",
  "0x024987f1d7611387",
  "0x628064ce3cf8e29a",
  "0x1a0bdf5ee0be95f0",
  "0xa0eb10da9ceb80fd",
  "0x6eb51c8d34a60858",
  "0xdcd0b2d72310e4c2",
  "0xf60daa8c192b9e8b",
  "0xb2a0b8b2b1885db3",
  "0xabf2cd326fc3da3d",
  "0x43af896a1540248b",
  "0xcedcbcaae6e02335",
  "0x78d3a04a8ec7a0a4",
  "0x29afe280d222c251",
  "0xb7e4a85c393eab00",
  "0x3c260a96612b0225",
  "0x98ea86a0c2ca7576",
  "0xeffbd551456a3e9f",
  "0x5d15e68c99fae6e8",
  "0xc5674a74fe9a43dd",
  "0x58a9ab35a05215fc",
  "0x6037dc3a7e51fdb0",
  "0xe099bbae0b6e3687",
  "0x8be6dc9460be57be",
  "0x27766f3d81a00ea2",
  "0x610dba9a0c873da7",
  "0x44d3f4976982c094",
  "0x8a5e132bc83ad878",
  "0xb9307a3acb65a087",
  "0x404c12a7d49eb4b0",
  "0x274c5eaa76c737d3",
  "0x4e9dc09be264abc0",
  "0x711844b25902ffa0",
  "0xb6382ccc6d2eaeb3",
  "0x54804855a0a0aafc",
  "0xaa7748eba8b351f3",
  "0xa38bfbebb195ffbb",
  "0xa0fa403604a2d2e3",
  "0x30c3c81635453cfc",
  "0x6a06bca4e79a9edf",
  "0xd5f21bc15a4963fa",
  "0x84a0e5a9b9460222",
  "0x9c6a9cf0f3cd0f50",
  "0xd849c3ecbc4b243d",
  "0xf017bfb7d77a309e",
  "0xaa16a03e61074396",
  "0xfaa67b87beb53722",
  "0xbcef7b8798cfd3fc",
  "0x239bdfbdbfa13c78",
  "0x4c989a80",
  "0xf89180a01091ebac",
  "0x9ce205db43b48407",
  "0x7dfd0cc0805be5b5",
  "0x8cf7ad4ed38b91ce",
  "0x91703afaa0e062da",
  "0xcfec9c0108004600",
  "0x9bce115f0271b297",
  "0xda57e571a72a5e1f",
  "0x1722491ccb80a027",
  "0x11629efa55e9bbf9",
  "0x86f4ac8a1b304514",
  "0x1fd2ad1950a651ca",
  "0xf8b1e97cc0d25980",
  "0x8080808080808080",
  "0xa07baf98c36dd4ac",
  "0x588fe840814928f9",
  "0x1dac696acc6b1e80",
  "0x694ee6424bceb1c4",
  "0xd68080",
]
`;
